<html>
<body>
<pre>
<h1>µVision Build Log</h1>
<h2>Tool Versions:</h2>
IDE-Version: ¦ÌVision V5.41.0.0
Copyright (C) 2024 ARM Ltd and ARM Germany GmbH. All rights reserved.
License Information: 11 a2830189086@qq.com, 1111111, LIC=8VRJ7-EYGYU-9UJ4U-SD6L7-XWRZB-SJ2EU
 
Tool Versions:
Toolchain:       MDK-ARM Plus  Version: 5.41.0.0
Toolchain Path:  D:\keil5.38\ARM\ARMCLANG\Bin
C Compiler:      ArmClang.exe V6.22
Assembler:       Armasm.exe V6.22
Linker/Locator:  ArmLink.exe V6.22
Library Manager: ArmAr.exe V6.22
Hex Converter:   FromElf.exe V6.22
CPU DLL:         SARMCM3.DLL V5.41.0.0
Dialog DLL:      DCM.DLL V1.17.5.0
Target DLL:      STLink\ST-LINKIII-KEIL_SWO.dll V3.3.0.0
Dialog DLL:      TCM.DLL V1.56.4.0
 
<h2>Project:</h2>
E:\wtzn\servo\servo_project\project\template.uvprojx
Project File Date:  07/07/2026

<h2>Output:</h2>
*** Using Compiler 'V6.22', folder: 'D:\keil5.38\ARM\ARMCLANG\Bin'
Rebuild target 'Target 1'
assembling startup_gd32f1x0.s...
compiling system_gd32f1x0.c...
compiling gd32f1x0_cmp.c...
compiling gd32f1x0_cec.c...
compiling gd32f1x0_can.c...
compiling gd32f1x0_dma.c...
compiling gd32f1x0_dac.c...
compiling gd32f1x0_exti.c...
compiling gd32f1x0_dbg.c...
compiling gd32f1x0_crc.c...
compiling gd32f1x0_fwdgt.c...
compiling gd32f1x0_gpio.c...
compiling gd32f1x0_adc.c...
compiling gd32f1x0_ivref.c...
compiling gd32f1x0_fmc.c...
compiling gd32f1x0_i2c.c...
compiling gd32f1x0_opa.c...
compiling gd32f1x0_misc.c...
compiling gd32f1x0_pmu.c...
compiling gd32f1x0_rcu.c...
compiling gd32f1x0_slcd.c...
compiling gd32f1x0_rtc.c...
compiling gd32f1x0_syscfg.c...
compiling gd32f1x0_spi.c...
compiling gd32f1x0_tsi.c...
compiling gd32f1x0_usart.c...
compiling gd32f1x0_wwdgt.c...
compiling gd32f1x0_timer.c...
compiling main.c...
compiling systick.c...
compiling bsp_adc.c...
compiling gd32f1x0_it.c...
compiling bap_i2c.c...
compiling bsp_gpio.c...
compiling bsp_pwm.c...
compiling bsp_uart.c...
compiling bsp_dma.c...
compiling pid.c...
compiling Init.c...
compiling time.c...
compiling motor.c...
compiling data_send.c...
compiling servo_config.c...
compiling uart.c...
compiling electricity.c...
compiling encoder.c...
compiling speed.c...
compiling motor_test.c...
compiling sts_proto.c...
compiling sts_mem.c...
linking...
Program Size: Code=14278 RO-data=402 RW-data=44 ZI-data=6580  
FromELF: creating hex file...
".\Objects\template.axf" - 0 Error(s), 0 Warning(s).

<h2>Software Packages used:</h2>

Package Vendor: GigaDevice
                https://gd32mcu.com/data/documents/pack/GigaDevice.GD32F1x0_DFP.3.2.1.pack
                GigaDevice::GD32F1x0_DFP@3.2.1
                GigaDevice GD32F1x0 Series Device Support and Examples

<h2>Collection of Component include folders:</h2>
  D:/keil5.38/GigaDevice/GD32F1x0_DFP/3.2.1/Device/Include

<h2>Collection of Component Files used:</h2>
Build Time Elapsed:  00:00:03
</pre>
</body>
</html>
